Archive member included to satisfy reference by file (symbol)

./libopencm3//lib/libopencm3_stm32f0.a(rcc.o)
                              sleep.o (rcc_wait_for_osc_ready)
./libopencm3//lib/libopencm3_stm32f0.a(usart.o)
                              usart.o (usart_set_baudrate)
./libopencm3//lib/libopencm3_stm32f0.a(adc.o)
                              adc.o (adc_set_single_conversion_mode)
./libopencm3//lib/libopencm3_stm32f0.a(gpio_common_all.o)
                              feather.o (gpio_set)
./libopencm3//lib/libopencm3_stm32f0.a(gpio_common_f0234.o)
                              feather.o (gpio_mode_setup)
./libopencm3//lib/libopencm3_stm32f0.a(pwr_common_all.o)
                              sleep.o (pwr_disable_backup_domain_write_protect)
./libopencm3//lib/libopencm3_stm32f0.a(rtc_common_l1f024.o)
                              sleep.o (rtc_set_prescaler)
./libopencm3//lib/libopencm3_stm32f0.a(spi_common_all.o)
                              si446x.o (spi_enable)
./libopencm3//lib/libopencm3_stm32f0.a(spi_common_f03.o)
                              si446x.o (spi_init_master)
./libopencm3//lib/libopencm3_stm32f0.a(flash_common_f01.o)
                              ./libopencm3//lib/libopencm3_stm32f0.a(rcc.o) (flash_set_ws)
./libopencm3//lib/libopencm3_stm32f0.a(timer_common_all.o)
                              afsk.o (timer_reset)
./libopencm3//lib/libopencm3_stm32f0.a(rcc_common_all.o)
                              feather.o (rcc_periph_clock_enable)
./libopencm3//lib/libopencm3_stm32f0.a(vector.o)
                              (reset_handler)
./libopencm3//lib/libopencm3_stm32f0.a(systick.o)
                              delay.o (systick_set_reload)
./libopencm3//lib/libopencm3_stm32f0.a(nvic.o)
                              afsk.o (nvic_enable_irq)
./libopencm3//lib/libopencm3_stm32f0.a(assert.o)
                              ./libopencm3//lib/libopencm3_stm32f0.a(rcc.o) (cm3_assert_failed)
./libopencm3//lib/libopencm3_stm32f0.a(flash.o)
                              ./libopencm3//lib/libopencm3_stm32f0.a(flash_common_f01.o) (flash_get_status_flags)
/usr/lib/gcc/arm-none-eabi/4.9.3/../../../arm-none-eabi/lib/armv6-m/libc.a(lib_a-itoa.o)
                              aprs.o (itoa)
/usr/lib/gcc/arm-none-eabi/4.9.3/../../../arm-none-eabi/lib/armv6-m/libc.a(lib_a-memcpy.o)
                              si446x.o (memcpy)
/usr/lib/gcc/arm-none-eabi/4.9.3/../../../arm-none-eabi/lib/armv6-m/libc.a(lib_a-strncpy.o)
                              gps.o (strncpy)
/usr/lib/gcc/arm-none-eabi/4.9.3/../../../arm-none-eabi/lib/armv6-m/libc.a(lib_a-utoa.o)
                              /usr/lib/gcc/arm-none-eabi/4.9.3/../../../arm-none-eabi/lib/armv6-m/libc.a(lib_a-itoa.o) (__utoa)
/usr/lib/gcc/arm-none-eabi/4.9.3/armv6-m/libgcc.a(_thumb1_case_sqi.o)
                              ./libopencm3//lib/libopencm3_stm32f0.a(timer_common_all.o) (__gnu_thumb1_case_sqi)
/usr/lib/gcc/arm-none-eabi/4.9.3/armv6-m/libgcc.a(_thumb1_case_uqi.o)
                              ./libopencm3//lib/libopencm3_stm32f0.a(rcc.o) (__gnu_thumb1_case_uqi)
/usr/lib/gcc/arm-none-eabi/4.9.3/armv6-m/libgcc.a(_udivsi3.o)
                              si446x.o (__aeabi_uidiv)
/usr/lib/gcc/arm-none-eabi/4.9.3/armv6-m/libgcc.a(_divsi3.o)
                              adc.o (__aeabi_idiv)
/usr/lib/gcc/arm-none-eabi/4.9.3/armv6-m/libgcc.a(_dvmd_tls.o)
                              /usr/lib/gcc/arm-none-eabi/4.9.3/armv6-m/libgcc.a(_udivsi3.o) (__aeabi_idiv0)
/usr/lib/gcc/arm-none-eabi/4.9.3/armv6-m/libgcc.a(_aeabi_uldivmod.o)
                              si446x.o (__aeabi_uldivmod)
/usr/lib/gcc/arm-none-eabi/4.9.3/armv6-m/libgcc.a(_muldi3.o)
                              si446x.o (__aeabi_lmul)
/usr/lib/gcc/arm-none-eabi/4.9.3/armv6-m/libgcc.a(_fixunssfsi.o)
                              si446x.o (__aeabi_f2uiz)
/usr/lib/gcc/arm-none-eabi/4.9.3/armv6-m/libgcc.a(bpabi.o)
                              /usr/lib/gcc/arm-none-eabi/4.9.3/armv6-m/libgcc.a(_aeabi_uldivmod.o) (__gnu_uldivmod_helper)
/usr/lib/gcc/arm-none-eabi/4.9.3/armv6-m/libgcc.a(divsf3.o)
                              si446x.o (__aeabi_fdiv)
/usr/lib/gcc/arm-none-eabi/4.9.3/armv6-m/libgcc.a(mulsf3.o)
                              si446x.o (__aeabi_fmul)
/usr/lib/gcc/arm-none-eabi/4.9.3/armv6-m/libgcc.a(subsf3.o)
                              si446x.o (__aeabi_fsub)
/usr/lib/gcc/arm-none-eabi/4.9.3/armv6-m/libgcc.a(fixsfsi.o)
                              /usr/lib/gcc/arm-none-eabi/4.9.3/armv6-m/libgcc.a(_fixunssfsi.o) (__aeabi_f2iz)
/usr/lib/gcc/arm-none-eabi/4.9.3/armv6-m/libgcc.a(floatsisf.o)
                              aprs.o (__aeabi_i2f)
/usr/lib/gcc/arm-none-eabi/4.9.3/armv6-m/libgcc.a(floatunsisf.o)
                              si446x.o (__aeabi_ui2f)
/usr/lib/gcc/arm-none-eabi/4.9.3/armv6-m/libgcc.a(divdf3.o)
                              aprs.o (__aeabi_ddiv)
/usr/lib/gcc/arm-none-eabi/4.9.3/armv6-m/libgcc.a(fixdfsi.o)
                              aprs.o (__aeabi_d2iz)
[...]
Memory Configuration

Name             Origin             Length             Attributes
rom              0x0000000008000000 0x0000000000008000 xr
ram              0x0000000020000000 0x0000000000001000 xrw
*default*        0x0000000000000000 0xffffffffffffffff

Linker script and memory map

LOAD feather.o
LOAD afsk.o
LOAD si446x.o
LOAD delay.o
LOAD ax25.o
LOAD aprs.o
LOAD gps.o
LOAD usart.o
LOAD sleep.o
LOAD adc.o
LOAD ./libopencm3//lib/libopencm3_stm32f0.a
START GROUP
LOAD /usr/lib/gcc/arm-none-eabi/4.9.3/../../../arm-none-eabi/lib/armv6-m/libc.a
LOAD /usr/lib/gcc/arm-none-eabi/4.9.3/armv6-m/libgcc.a
LOAD /usr/lib/gcc/arm-none-eabi/4.9.3/../../../arm-none-eabi/lib/armv6-m/libnosys.a
END GROUP
START GROUP
LOAD /usr/lib/gcc/arm-none-eabi/4.9.3/armv6-m/libgcc.a
LOAD /usr/lib/gcc/arm-none-eabi/4.9.3/../../../arm-none-eabi/lib/armv6-m/libc.a
END GROUP

.text           0x0000000008000000     0x1c98
 *(.vectors)
 .vectors       0x0000000008000000       0xc0 ./libopencm3//lib/libopencm3_stm32f0.a(vector.o)
                0x0000000008000000                vector_table
 *(.text*)
 .text.startup.main
                0x00000000080000c0      0x110 feather.o
                0x00000000080000c0                main
 .text.afsk_init
                0x00000000080001d0       0x98 afsk.o
                0x00000000080001d0                afsk_init
 .text.afsk_output_sample
                0x0000000008000268       0x14 afsk.o
                0x0000000008000268                afsk_output_sample
 .text.afsk_request_cwoff
                0x000000000800027c       0x18 afsk.o
                0x000000000800027c                afsk_request_cwoff
 .text.afsk_timer_stop
                0x0000000008000294       0x14 afsk.o
                0x0000000008000294                afsk_timer_stop
 .text.tim1_brk_up_trg_com_isr
                0x00000000080002a8       0xdc afsk.o
                0x00000000080002a8                tim1_brk_up_trg_com_isr
 .text.si446x_sendcmd
                0x0000000008000384       0xb8 si446x.o
                0x0000000008000384                si446x_sendcmd
 .text.si446x_cw_off
                0x000000000800043c       0x20 si446x.o
                0x000000000800043c                si446x_cw_off
 .text.si446x_shutdown
                0x000000000800045c       0x10 si446x.o
                0x000000000800045c                si446x_shutdown
 .text.si446x_setup
                0x000000000800046c      0x104 si446x.o
                0x000000000800046c                si446x_setup
 .text.systick_setup
                0x0000000008000570       0x30 delay.o
                0x0000000008000570                systick_setup
 .text.delay    0x00000000080005a0       0x14 delay.o
                0x00000000080005a0                delay
 .text.sys_tick_handler
                0x00000000080005b4       0x10 delay.o
                0x00000000080005b4                sys_tick_handler
 .text.get_millis_elapsed
                0x00000000080005c4        0xc delay.o
                0x00000000080005c4                get_millis_elapsed
 .text.setParserState
                0x00000000080005d0       0x2c gps.o
 .text.gps_poweron
                0x00000000080005fc        0xe gps.o
                0x00000000080005fc                gps_poweron
 *fill*         0x000000000800060a        0x2 
 .text.get_latitudeTrimmed
                0x000000000800060c       0x20 gps.o
                0x000000000800060c                get_latitudeTrimmed
 .text.gps_hasfix
                0x000000000800062c       0x18 gps.o
                0x000000000800062c                gps_hasfix
 .text.usart1_isr
                0x0000000008000644       0x38 gps.o
                0x0000000008000644                usart1_isr
 .text.gps_sendubx
                0x000000000800067c       0x1c gps.o
                0x000000000800067c                gps_sendubx
 .text.gps_init
                0x0000000008000698       0x98 gps.o
                0x0000000008000698                gps_init
 .text.XORbyteWithChecksum
                0x0000000008000730       0x10 gps.o
                0x0000000008000730                XORbyteWithChecksum
 .text.parse_gps_transmission
                0x0000000008000740      0x3b8 gps.o
                0x0000000008000740                parse_gps_transmission
 .text.usart_init
                0x0000000008000af8       0xc4 usart.o
                0x0000000008000af8                usart_init
 .text.sleep_init
                0x0000000008000bbc       0x10 sleep.o
                0x0000000008000bbc                sleep_init
 .text.sleep_now
                0x0000000008000bcc        0x4 sleep.o
                0x0000000008000bcc                sleep_now
 .text.rtc_init
                0x0000000008000bd0       0x88 sleep.o
                0x0000000008000bd0                rtc_init
 .text.adc_init
                0x0000000008000c58       0x7c adc.o
                0x0000000008000c58                adc_init
 .text.rcc_wait_for_osc_ready
                0x0000000008000cd4       0x60 ./libopencm3//lib/libopencm3_stm32f0.a(rcc.o)
                0x0000000008000cd4                rcc_wait_for_osc_ready
 .text.rcc_osc_on
                0x0000000008000d34       0x54 ./libopencm3//lib/libopencm3_stm32f0.a(rcc.o)
                0x0000000008000d34                rcc_osc_on
 .text.rcc_set_sysclk_source
                0x0000000008000d88       0x44 ./libopencm3//lib/libopencm3_stm32f0.a(rcc.o)
                0x0000000008000d88                rcc_set_sysclk_source
 .text.rcc_set_pll_multiplication_factor
                0x0000000008000dcc       0x14 ./libopencm3//lib/libopencm3_stm32f0.a(rcc.o)
                0x0000000008000dcc                rcc_set_pll_multiplication_factor
 .text.rcc_set_ppre
                0x0000000008000de0       0x18 ./libopencm3//lib/libopencm3_stm32f0.a(rcc.o)
                0x0000000008000de0                rcc_set_ppre
 .text.rcc_set_hpre
                0x0000000008000df8       0x14 ./libopencm3//lib/libopencm3_stm32f0.a(rcc.o)
                0x0000000008000df8                rcc_set_hpre
 .text.rcc_clock_setup_in_hsi_out_16mhz
                0x0000000008000e0c       0x6c ./libopencm3//lib/libopencm3_stm32f0.a(rcc.o)
                0x0000000008000e0c                rcc_clock_setup_in_hsi_out_16mhz
 .text.usart_set_baudrate
                0x0000000008000e78       0x1c ./libopencm3//lib/libopencm3_stm32f0.a(usart.o)
                0x0000000008000e78                usart_set_baudrate
 .text.usart_set_databits
                0x0000000008000e94       0x1c ./libopencm3//lib/libopencm3_stm32f0.a(usart.o)
                0x0000000008000e94                usart_set_databits
 .text.usart_set_stopbits
                0x0000000008000eb0       0x10 ./libopencm3//lib/libopencm3_stm32f0.a(usart.o)
                0x0000000008000eb0                usart_set_stopbits
 .text.usart_set_parity
                0x0000000008000ec0       0x10 ./libopencm3//lib/libopencm3_stm32f0.a(usart.o)
                0x0000000008000ec0                usart_set_parity
 .text.usart_set_mode
                0x0000000008000ed0        0xc ./libopencm3//lib/libopencm3_stm32f0.a(usart.o)
                0x0000000008000ed0                usart_set_mode
 .text.usart_set_flow_control
                0x0000000008000edc       0x10 ./libopencm3//lib/libopencm3_stm32f0.a(usart.o)
                0x0000000008000edc                usart_set_flow_control
 .text.usart_enable
                0x0000000008000eec        0xa ./libopencm3//lib/libopencm3_stm32f0.a(usart.o)
                0x0000000008000eec                usart_enable
 .text.usart_send
                0x0000000008000ef6        0x6 ./libopencm3//lib/libopencm3_stm32f0.a(usart.o)
                0x0000000008000ef6                usart_send
 .text.usart_recv
                0x0000000008000efc        0x8 ./libopencm3//lib/libopencm3_stm32f0.a(usart.o)
                0x0000000008000efc                usart_recv
 .text.usart_enable_rx_interrupt
                0x0000000008000f04        0xa ./libopencm3//lib/libopencm3_stm32f0.a(usart.o)
                0x0000000008000f04                usart_enable_rx_interrupt
 *fill*         0x0000000008000f0e        0x2 
 .text.adc_set_single_conversion_mode
                0x0000000008000f10       0x10 ./libopencm3//lib/libopencm3_stm32f0.a(adc.o)
                0x0000000008000f10                adc_set_single_conversion_mode
 .text.adc_disable_external_trigger_regular
                0x0000000008000f20       0x10 ./libopencm3//lib/libopencm3_stm32f0.a(adc.o)
                0x0000000008000f20                adc_disable_external_trigger_regular
 .text.adc_power_off
                0x0000000008000f30        0xa ./libopencm3//lib/libopencm3_stm32f0.a(adc.o)
                0x0000000008000f30                adc_power_off
 .text.adc_power_on
                0x0000000008000f3a        0xa ./libopencm3//lib/libopencm3_stm32f0.a(adc.o)
                0x0000000008000f3a                adc_power_on
 .text.adc_set_clk_source
                0x0000000008000f44        0xc ./libopencm3//lib/libopencm3_stm32f0.a(adc.o)
                0x0000000008000f44                adc_set_clk_source
 .text.adc_set_regular_sequence
                0x0000000008000f50       0x7a ./libopencm3//lib/libopencm3_stm32f0.a(adc.o)
                0x0000000008000f50                adc_set_regular_sequence
 .text.adc_set_sample_time_on_all_channels
                0x0000000008000fca        0x8 ./libopencm3//lib/libopencm3_stm32f0.a(adc.o)
                0x0000000008000fca                adc_set_sample_time_on_all_channels
 .text.adc_set_resolution
                0x0000000008000fd2        0xc ./libopencm3//lib/libopencm3_stm32f0.a(adc.o)
                0x0000000008000fd2                adc_set_resolution
 .text.adc_set_right_aligned
                0x0000000008000fde        0xa ./libopencm3//lib/libopencm3_stm32f0.a(adc.o)
                0x0000000008000fde                adc_set_right_aligned
 .text.adc_enable_temperature_sensor
                0x0000000008000fe8       0x14 ./libopencm3//lib/libopencm3_stm32f0.a(adc.o)
                0x0000000008000fe8                adc_enable_temperature_sensor
 .text.adc_calibrate_start
                0x0000000008000ffc        0x8 ./libopencm3//lib/libopencm3_stm32f0.a(adc.o)
                0x0000000008000ffc                adc_calibrate_start
 .text.adc_calibrate_wait_finish
                0x0000000008001004        0x8 ./libopencm3//lib/libopencm3_stm32f0.a(adc.o)
                0x0000000008001004                adc_calibrate_wait_finish
 .text.adc_disable_analog_watchdog
                0x000000000800100c       0x10 ./libopencm3//lib/libopencm3_stm32f0.a(adc.o)
                0x000000000800100c                adc_disable_analog_watchdog
 .text.gpio_set
                0x000000000800101c        0x4 ./libopencm3//lib/libopencm3_stm32f0.a(gpio_common_all.o)
                0x000000000800101c                gpio_set
 .text.gpio_clear
                0x0000000008001020        0x6 ./libopencm3//lib/libopencm3_stm32f0.a(gpio_common_all.o)
                0x0000000008001020                gpio_clear
 .text.gpio_toggle
                0x0000000008001026       0x10 ./libopencm3//lib/libopencm3_stm32f0.a(gpio_common_all.o)
                0x0000000008001026                gpio_toggle
 .text.gpio_mode_setup
                0x0000000008001036       0x3e ./libopencm3//lib/libopencm3_stm32f0.a(gpio_common_f0234.o)
                0x0000000008001036                gpio_mode_setup
 .text.gpio_set_output_options
                0x0000000008001074       0x3a ./libopencm3//lib/libopencm3_stm32f0.a(gpio_common_f0234.o)
                0x0000000008001074                gpio_set_output_options
 .text.gpio_set_af
                0x00000000080010ae       0x58 ./libopencm3//lib/libopencm3_stm32f0.a(gpio_common_f0234.o)
                0x00000000080010ae                gpio_set_af
 *fill*         0x0000000008001106        0x2 
 .text.pwr_disable_backup_domain_write_protect
                0x0000000008001108       0x14 ./libopencm3//lib/libopencm3_stm32f0.a(pwr_common_all.o)
                0x0000000008001108                pwr_disable_backup_domain_write_protect
 .text.rtc_set_prescaler
                0x000000000800111c       0x18 ./libopencm3//lib/libopencm3_stm32f0.a(rtc_common_l1f024.o)
                0x000000000800111c                rtc_set_prescaler
 .text.rtc_wait_for_synchro
                0x0000000008001134       0x28 ./libopencm3//lib/libopencm3_stm32f0.a(rtc_common_l1f024.o)
                0x0000000008001134                rtc_wait_for_synchro
 .text.rtc_unlock
                0x000000000800115c       0x10 ./libopencm3//lib/libopencm3_stm32f0.a(rtc_common_l1f024.o)
                0x000000000800115c                rtc_unlock
 .text.rtc_lock
                0x000000000800116c        0xc ./libopencm3//lib/libopencm3_stm32f0.a(rtc_common_l1f024.o)
                0x000000000800116c                rtc_lock
 .text.rtc_set_wakeup_time
                0x0000000008001178       0x3c ./libopencm3//lib/libopencm3_stm32f0.a(rtc_common_l1f024.o)
                0x0000000008001178                rtc_set_wakeup_time
 .text.spi_enable
                0x00000000080011b4        0xa ./libopencm3//lib/libopencm3_stm32f0.a(spi_common_all.o)
                0x00000000080011b4                spi_enable
 .text.spi_enable_ss_output
                0x00000000080011be        0xa ./libopencm3//lib/libopencm3_stm32f0.a(spi_common_all.o)
                0x00000000080011be                spi_enable_ss_output
 .text.spi_init_master
                0x00000000080011c8       0x24 ./libopencm3//lib/libopencm3_stm32f0.a(spi_common_f03.o)
                0x00000000080011c8                spi_init_master
 .text.spi_send8
                0x00000000080011ec        0xc ./libopencm3//lib/libopencm3_stm32f0.a(spi_common_f03.o)
                0x00000000080011ec                spi_send8
 .text.spi_read8
                0x00000000080011f8        0xe ./libopencm3//lib/libopencm3_stm32f0.a(spi_common_f03.o)
                0x00000000080011f8                spi_read8
 *fill*         0x0000000008001206        0x2 
 .text.spi_set_crcl_8bit
                0x0000000008001208       0x10 ./libopencm3//lib/libopencm3_stm32f0.a(spi_common_f03.o)
                0x0000000008001208                spi_set_crcl_8bit
 .text.flash_set_ws
                0x0000000008001218       0x14 ./libopencm3//lib/libopencm3_stm32f0.a(flash_common_f01.o)
                0x0000000008001218                flash_set_ws
 .text.timer_reset
                0x000000000800122c       0x58 ./libopencm3//lib/libopencm3_stm32f0.a(timer_common_all.o)
                0x000000000800122c                timer_reset
 .text.timer_enable_irq
                0x0000000008001284        0x8 ./libopencm3//lib/libopencm3_stm32f0.a(timer_common_all.o)
                0x0000000008001284                timer_enable_irq
 .text.timer_get_flag
                0x000000000800128c        0xe ./libopencm3//lib/libopencm3_stm32f0.a(timer_common_all.o)
                0x000000000800128c                timer_get_flag
 .text.timer_clear_flag
                0x000000000800129a        0x8 ./libopencm3//lib/libopencm3_stm32f0.a(timer_common_all.o)
                0x000000000800129a                timer_clear_flag
 *fill*         0x00000000080012a2        0x2 
 .text.timer_set_mode
                0x00000000080012a4       0x18 ./libopencm3//lib/libopencm3_stm32f0.a(timer_common_all.o)
                0x00000000080012a4                timer_set_mode
 .text.timer_enable_counter
                0x00000000080012bc        0xa ./libopencm3//lib/libopencm3_stm32f0.a(timer_common_all.o)
                0x00000000080012bc                timer_enable_counter
 .text.timer_disable_counter
                0x00000000080012c6        0xa ./libopencm3//lib/libopencm3_stm32f0.a(timer_common_all.o)
                0x00000000080012c6                timer_disable_counter
 .text.timer_set_prescaler
                0x00000000080012d0        0x4 ./libopencm3//lib/libopencm3_stm32f0.a(timer_common_all.o)
                0x00000000080012d0                timer_set_prescaler
 .text.timer_set_period
                0x00000000080012d4        0x4 ./libopencm3//lib/libopencm3_stm32f0.a(timer_common_all.o)
                0x00000000080012d4                timer_set_period
 .text.timer_set_oc_mode
                0x00000000080012d8      0x14c ./libopencm3//lib/libopencm3_stm32f0.a(timer_common_all.o)
                0x00000000080012d8                timer_set_oc_mode
 .text.timer_enable_oc_output
                0x0000000008001424       0x70 ./libopencm3//lib/libopencm3_stm32f0.a(timer_common_all.o)
                0x0000000008001424                timer_enable_oc_output
 .text.timer_set_oc_value
                0x0000000008001494       0x26 ./libopencm3//lib/libopencm3_stm32f0.a(timer_common_all.o)
                0x0000000008001494                timer_set_oc_value
 *fill*         0x00000000080014ba        0x2 
 .text.timer_enable_break_main_output
                0x00000000080014bc       0x1c ./libopencm3//lib/libopencm3_stm32f0.a(timer_common_all.o)
                0x00000000080014bc                timer_enable_break_main_output
 .text.rcc_periph_clock_enable
                0x00000000080014d8       0x20 ./libopencm3//lib/libopencm3_stm32f0.a(rcc_common_all.o)
                0x00000000080014d8                rcc_periph_clock_enable
 .text.rcc_periph_reset_pulse
                0x00000000080014f8       0x24 ./libopencm3//lib/libopencm3_stm32f0.a(rcc_common_all.o)
                0x00000000080014f8                rcc_periph_reset_pulse
 .text.blocking_handler
                0x000000000800151c        0x2 ./libopencm3//lib/libopencm3_stm32f0.a(vector.o)
                0x000000000800151c                rtc_isr
                0x000000000800151c                tim7_isr
                0x000000000800151c                blocking_handler
                0x000000000800151c                tsc_isr
                0x000000000800151c                spi1_isr
                0x000000000800151c                i2c1_isr
                0x000000000800151c                tim17_isr
                0x000000000800151c                i2c2_isr
                0x000000000800151c                usart3_4_isr
                0x000000000800151c                tim1_cc_isr
                0x000000000800151c                exti2_3_isr
                0x000000000800151c                tim16_isr
                0x000000000800151c                pvd_isr
                0x000000000800151c                rcc_isr
                0x000000000800151c                flash_isr
                0x000000000800151c                hard_fault_handler
                0x000000000800151c                tim14_isr
                0x000000000800151c                spi2_isr
                0x000000000800151c                usb_isr
                0x000000000800151c                tim15_isr
                0x000000000800151c                tim3_isr
                0x000000000800151c                usart2_isr
                0x000000000800151c                adc_comp_isr
                0x000000000800151c                dma1_channel1_isr
                0x000000000800151c                tim6_dac_isr
                0x000000000800151c                dma1_channel2_3_isr
                0x000000000800151c                exti4_15_isr
                0x000000000800151c                cec_can_isr
                0x000000000800151c                wwdg_isr
                0x000000000800151c                tim2_isr
                0x000000000800151c                dma1_channel4_5_isr
                0x000000000800151c                exti0_1_isr
 .text.null_handler
                0x000000000800151e        0x2 ./libopencm3//lib/libopencm3_stm32f0.a(vector.o)
                0x000000000800151e                null_handler
                0x000000000800151e                sv_call_handler
                0x000000000800151e                pend_sv_handler
                0x000000000800151e                nmi_handler
 .text.reset_handler
                0x0000000008001520       0x7c ./libopencm3//lib/libopencm3_stm32f0.a(vector.o)
                0x0000000008001520                reset_handler
 .text.systick_set_reload
                0x000000000800159c       0x10 ./libopencm3//lib/libopencm3_stm32f0.a(systick.o)
                0x000000000800159c                systick_set_reload
 .text.systick_set_clocksource
                0x00000000080015ac       0x14 ./libopencm3//lib/libopencm3_stm32f0.a(systick.o)
                0x00000000080015ac                systick_set_clocksource
 .text.systick_interrupt_enable
                0x00000000080015c0       0x10 ./libopencm3//lib/libopencm3_stm32f0.a(systick.o)
                0x00000000080015c0                systick_interrupt_enable
 .text.systick_counter_enable
                0x00000000080015d0       0x10 ./libopencm3//lib/libopencm3_stm32f0.a(systick.o)
                0x00000000080015d0                systick_counter_enable
 .text.nvic_enable_irq
                0x00000000080015e0       0x18 ./libopencm3//lib/libopencm3_stm32f0.a(nvic.o)
                0x00000000080015e0                nvic_enable_irq
 .text.nvic_disable_irq
                0x00000000080015f8       0x18 ./libopencm3//lib/libopencm3_stm32f0.a(nvic.o)
                0x00000000080015f8                nvic_disable_irq
 .text.cm3_assert_failed
                0x0000000008001610        0x2 ./libopencm3//lib/libopencm3_stm32f0.a(assert.o)
                0x0000000008001610                cm3_assert_failed
 *fill*         0x0000000008001612        0x2 
 .text.memcpy   0x0000000008001614       0x7c /usr/lib/gcc/arm-none-eabi/4.9.3/../../../arm-none-eabi/lib/armv6-m/libc.a(lib_a-memcpy.o)
                0x0000000008001614                memcpy
 .text.strncpy  0x0000000008001690       0x78 /usr/lib/gcc/arm-none-eabi/4.9.3/../../../arm-none-eabi/lib/armv6-m/libc.a(lib_a-strncpy.o)
                0x0000000008001690                strncpy
 .text          0x0000000008001708       0x14 /usr/lib/gcc/arm-none-eabi/4.9.3/armv6-m/libgcc.a(_thumb1_case_sqi.o)
                0x0000000008001708                __gnu_thumb1_case_sqi
 .text          0x000000000800171c       0x14 /usr/lib/gcc/arm-none-eabi/4.9.3/armv6-m/libgcc.a(_thumb1_case_uqi.o)
                0x000000000800171c                __gnu_thumb1_case_uqi
 .text          0x0000000008001730      0x120 /usr/lib/gcc/arm-none-eabi/4.9.3/armv6-m/libgcc.a(_udivsi3.o)
                0x0000000008001730                __udivsi3
                0x0000000008001730                __aeabi_uidiv
                0x000000000800183c                __aeabi_uidivmod
 .text          0x0000000008001850      0x1e0 /usr/lib/gcc/arm-none-eabi/4.9.3/armv6-m/libgcc.a(_divsi3.o)
                0x0000000008001850                __aeabi_idiv
                0x0000000008001850                __divsi3
                0x0000000008001a1c                __aeabi_idivmod
 .text          0x0000000008001a30        0x4 /usr/lib/gcc/arm-none-eabi/4.9.3/armv6-m/libgcc.a(_dvmd_tls.o)
                0x0000000008001a30                __aeabi_ldiv0
                0x0000000008001a30                __aeabi_idiv0
                0x0000000008001a34                . = ALIGN (0x4)
 *(.rodata*)
 .rodata.afsk_sine_table
                0x0000000008001a34      0x200 afsk.o
                0x0000000008001a34                afsk_sine_table
 .rodata        0x0000000008001c34       0x1a si446x.o
 .rodata        0x0000000008001c4e       0x4a gps.o
                0x0000000008001c98                . = ALIGN (0x4)

.glue_7         0x0000000008001c98        0x0
 .glue_7        0x0000000008001c98        0x0 linker stubs

.glue_7t        0x0000000008001c98        0x0
 .glue_7t       0x0000000008001c98        0x0 linker stubs

.vfp11_veneer   0x0000000008001c98        0x0
 .vfp11_veneer  0x0000000008001c98        0x0 linker stubs

.v4_bx          0x0000000008001c98        0x0
 .v4_bx         0x0000000008001c98        0x0 linker stubs

.iplt           0x0000000008001c98        0x0
 .iplt          0x0000000008001c98        0x0 feather.o

.rel.dyn        0x0000000008001c98        0x0
 .rel.iplt      0x0000000008001c98        0x0 feather.o

.preinit_array  0x0000000008001c98        0x0
                0x0000000008001c98                . = ALIGN (0x4)
                0x0000000008001c98                __preinit_array_start = .
 *(.preinit_array)
                0x0000000008001c98                __preinit_array_end = .

.init_array     0x0000000008001c98        0x0
                0x0000000008001c98                . = ALIGN (0x4)
                0x0000000008001c98                __init_array_start = .
 *(SORT(.init_array.*))
 *(.init_array)
                0x0000000008001c98                __init_array_end = .

.fini_array     0x0000000008001c98        0x0
                0x0000000008001c98                . = ALIGN (0x4)
                0x0000000008001c98                __fini_array_start = .
 *(.fini_array)
 *(SORT(.fini_array.*))
                0x0000000008001c98                __fini_array_end = .

.ARM.extab
 *(.ARM.extab*)

.ARM.exidx      0x0000000008001c98        0x0
                0x0000000008001c98                __exidx_start = .
 *(.ARM.exidx*)
                0x0000000008001c98                __exidx_end = .
                0x0000000008001c98                . = ALIGN (0x4)
                0x0000000008001c98                _etext = .

.data           0x0000000020000000       0x10 load address 0x0000000008001c98
                0x0000000020000000                _data = .
 *(.data*)
 .data.phase    0x0000000020000000        0x2 afsk.o
                0x0000000020000000                phase
 .data.phasedelta
                0x0000000020000002        0x2 afsk.o
                0x0000000020000002                phasedelta
 .data.afsk_packet_size
                0x0000000020000004        0x4 afsk.o
                0x0000000020000004                afsk_packet_size
 .data.rcc_ahb_frequency
                0x0000000020000008        0x4 ./libopencm3//lib/libopencm3_stm32f0.a(rcc.o)
                0x0000000020000008                rcc_ahb_frequency
 .data.rcc_apb1_frequency
                0x000000002000000c        0x4 ./libopencm3//lib/libopencm3_stm32f0.a(rcc.o)
                0x000000002000000c                rcc_apb1_frequency
                0x0000000020000010                . = ALIGN (0x4)
                0x0000000020000010                _edata = .
                0x0000000008001c98                _data_loadaddr = LOADADDR (.data)

.igot.plt       0x0000000020000010        0x0 load address 0x0000000008001ca8
 .igot.plt      0x0000000020000010        0x0 feather.o

.bss            0x0000000020000010      0x150 load address 0x0000000008001ca8
 *(.bss*)
 .bss.go        0x0000000020000010        0x1 afsk.o
                0x0000000020000010                go
 .bss.current_sample_in_baud
                0x0000000020000011        0x1 afsk.o
                0x0000000020000011                current_sample_in_baud
 *fill*         0x0000000020000012        0x2 
 .bss.packet_pos
                0x0000000020000014        0x4 afsk.o
                0x0000000020000014                packet_pos
 .bss.request_cwoff
                0x0000000020000018        0x1 afsk.o
                0x0000000020000018                request_cwoff
 .bss.current_byte
                0x0000000020000019        0x1 afsk.o
                0x0000000020000019                current_byte
 *fill*         0x000000002000001a        0x2 
 .bss.afsk_packet
                0x000000002000001c        0x4 afsk.o
                0x000000002000001c                afsk_packet
 .bss.system_millis
                0x0000000020000020        0x4 delay.o
                0x0000000020000020                system_millis
 .bss.nmeaBufferParsePosition
                0x0000000020000024        0x1 gps.o
                0x0000000020000024                nmeaBufferParsePosition
 .bss.lastUpdated
                0x0000000020000025        0x8 gps.o
                0x0000000020000025                lastUpdated
 *fill*         0x000000002000002d        0x3 
 .bss.calculatedChecksum
                0x0000000020000030        0x4 gps.o
                0x0000000020000030                calculatedChecksum
 .bss.longitude
                0x0000000020000034        0xe gps.o
                0x0000000020000034                longitude
 .bss.altitude  0x0000000020000042        0xa gps.o
                0x0000000020000042                altitude
 .bss.tramsmissionType
                0x000000002000004c        0x7 gps.o
                0x000000002000004c                tramsmissionType
 *fill*         0x0000000020000053        0x1 
 .bss.skipBytes
                0x0000000020000054        0x4 gps.o
                0x0000000020000054                skipBytes
 .bss.numSatellites
                0x0000000020000058        0x4 gps.o
                0x0000000020000058                numSatellites
 .bss.hdop      0x000000002000005c        0x6 gps.o
                0x000000002000005c                hdop
 .bss.stationID
                0x0000000020000062        0x8 gps.o
                0x0000000020000062                stationID
 .bss.latitudeTmpTRIM
                0x000000002000006a        0x8 gps.o
                0x000000002000006a                latitudeTmpTRIM
 .bss.checksum  0x0000000020000072        0x3 gps.o
                0x0000000020000072                checksum
 *fill*         0x0000000020000075        0x3 
 .bss.receivedChecksum
                0x0000000020000078        0x4 gps.o
                0x0000000020000078                receivedChecksum
 .bss.course    0x000000002000007c        0x8 gps.o
                0x000000002000007c                course
 .bss.gps_hadfix
                0x0000000020000084        0x1 gps.o
                0x0000000020000084                gps_hadfix
 .bss.knots     0x0000000020000085        0x8 gps.o
                0x0000000020000085                knots
 *fill*         0x000000002000008d        0x1 
 .bss.nmeaBufferDataPosition
                0x000000002000008e        0x2 gps.o
                0x000000002000008e                nmeaBufferDataPosition
 .bss.timestamp
                0x0000000020000090        0xc gps.o
                0x0000000020000090                timestamp
 .bss.numBytes  0x000000002000009c        0x4 gps.o
                0x000000002000009c                numBytes
 .bss.quality   0x00000000200000a0        0x1 gps.o
                0x00000000200000a0                quality
 .bss.latitude  0x00000000200000a1        0xe gps.o
                0x00000000200000a1                latitude
 .bss.wgs84Height
                0x00000000200000af        0x8 gps.o
                0x00000000200000af                wgs84Height
 .bss.variation
                0x00000000200000b7        0x9 gps.o
                0x00000000200000b7                variation
 .bss.decodeState
                0x00000000200000c0        0x1 gps.o
                0x00000000200000c0                decodeState
 .bss.nmeaBuffer
                0x00000000200000c1       0x96 gps.o
                0x00000000200000c1                nmeaBuffer
 .bss.dayofmonth
                0x0000000020000157        0x9 gps.o
                0x0000000020000157                dayofmonth
 *(COMMON)
                0x0000000020000160                . = ALIGN (0x4)
                0x0000000020000160                _ebss = .

/DISCARD/
 *(.eh_frame)
                0x0000000020000160                . = ALIGN (0x4)
                0x0000000020000160                end = .
                0x0000000020001000                PROVIDE (_stack, (ORIGIN (ram) + LENGTH (ram)))
OUTPUT(feather.elf elf32-littlearm)

.debug_info     0x0000000000000000     0x82e5
 .debug_info    0x0000000000000000      0x56f feather.o
 .debug_info    0x000000000000056f      0x7f4 afsk.o
 .debug_info    0x0000000000000d63      0xda4 si446x.o
 .debug_info    0x0000000000001b07      0x195 delay.o
 .debug_info    0x0000000000001c9c      0xa4d gps.o
 .debug_info    0x00000000000026e9      0x516 usart.o
 .debug_info    0x0000000000002bff      0x387 sleep.o
 .debug_info    0x0000000000002f86      0x537 adc.o
 .debug_info    0x00000000000034bd      0x942 ./libopencm3//lib/libopencm3_stm32f0.a(rcc.o)
 .debug_info    0x0000000000003dff      0x5a0 ./libopencm3//lib/libopencm3_stm32f0.a(usart.o)
 .debug_info    0x000000000000439f      0x816 ./libopencm3//lib/libopencm3_stm32f0.a(adc.o)
 .debug_info    0x0000000000004bb5      0x228 ./libopencm3//lib/libopencm3_stm32f0.a(gpio_common_all.o)
 .debug_info    0x0000000000004ddd      0x1f1 ./libopencm3//lib/libopencm3_stm32f0.a(gpio_common_f0234.o)
 .debug_info    0x0000000000004fce      0x1a8 ./libopencm3//lib/libopencm3_stm32f0.a(pwr_common_all.o)
 .debug_info    0x0000000000005176      0x158 ./libopencm3//lib/libopencm3_stm32f0.a(rtc_common_l1f024.o)
 .debug_info    0x00000000000052ce      0x898 ./libopencm3//lib/libopencm3_stm32f0.a(spi_common_all.o)
 .debug_info    0x0000000000005b66      0x260 ./libopencm3//lib/libopencm3_stm32f0.a(spi_common_f03.o)
 .debug_info    0x0000000000005dc6      0x277 ./libopencm3//lib/libopencm3_stm32f0.a(flash_common_f01.o)
 .debug_info    0x000000000000603d     0x1160 ./libopencm3//lib/libopencm3_stm32f0.a(timer_common_all.o)
 .debug_info    0x000000000000719d      0x426 ./libopencm3//lib/libopencm3_stm32f0.a(rcc_common_all.o)
 .debug_info    0x00000000000075c3      0x289 ./libopencm3//lib/libopencm3_stm32f0.a(vector.o)
 .debug_info    0x000000000000784c      0x211 ./libopencm3//lib/libopencm3_stm32f0.a(systick.o)
 .debug_info    0x0000000000007a5d      0x1ac ./libopencm3//lib/libopencm3_stm32f0.a(nvic.o)
 .debug_info    0x0000000000007c09       0xea ./libopencm3//lib/libopencm3_stm32f0.a(assert.o)
 .debug_info    0x0000000000007cf3      0x131 /usr/lib/gcc/arm-none-eabi/4.9.3/../../../arm-none-eabi/lib/armv6-m/libc.a(lib_a-memcpy.o)
 .debug_info    0x0000000000007e24      0x124 /usr/lib/gcc/arm-none-eabi/4.9.3/../../../arm-none-eabi/lib/armv6-m/libc.a(lib_a-strncpy.o)
 .debug_info    0x0000000000007f48       0xb9 /usr/lib/gcc/arm-none-eabi/4.9.3/armv6-m/libgcc.a(_thumb1_case_sqi.o)
 .debug_info    0x0000000000008001       0xb9 /usr/lib/gcc/arm-none-eabi/4.9.3/armv6-m/libgcc.a(_thumb1_case_uqi.o)
 .debug_info    0x00000000000080ba       0xb9 /usr/lib/gcc/arm-none-eabi/4.9.3/armv6-m/libgcc.a(_udivsi3.o)
 .debug_info    0x0000000000008173       0xb9 /usr/lib/gcc/arm-none-eabi/4.9.3/armv6-m/libgcc.a(_divsi3.o)
 .debug_info    0x000000000000822c       0xb9 /usr/lib/gcc/arm-none-eabi/4.9.3/armv6-m/libgcc.a(_dvmd_tls.o)

.debug_abbrev   0x0000000000000000     0x1ecc
 .debug_abbrev  0x0000000000000000      0x145 feather.o
 .debug_abbrev  0x0000000000000145      0x201 afsk.o
 .debug_abbrev  0x0000000000000346      0x1da si446x.o
 .debug_abbrev  0x0000000000000520      0x133 delay.o
 .debug_abbrev  0x0000000000000653      0x224 gps.o
 .debug_abbrev  0x0000000000000877       0xe7 usart.o
 .debug_abbrev  0x000000000000095e      0x10c sleep.o
 .debug_abbrev  0x0000000000000a6a      0x153 adc.o
 .debug_abbrev  0x0000000000000bbd      0x249 ./libopencm3//lib/libopencm3_stm32f0.a(rcc.o)
 .debug_abbrev  0x0000000000000e06      0x1b0 ./libopencm3//lib/libopencm3_stm32f0.a(usart.o)
 .debug_abbrev  0x0000000000000fb6      0x17f ./libopencm3//lib/libopencm3_stm32f0.a(adc.o)
 .debug_abbrev  0x0000000000001135      0x10b ./libopencm3//lib/libopencm3_stm32f0.a(gpio_common_all.o)
 .debug_abbrev  0x0000000000001240       0xb4 ./libopencm3//lib/libopencm3_stm32f0.a(gpio_common_f0234.o)
 .debug_abbrev  0x00000000000012f4       0x92 ./libopencm3//lib/libopencm3_stm32f0.a(pwr_common_all.o)
 .debug_abbrev  0x0000000000001386       0x87 ./libopencm3//lib/libopencm3_stm32f0.a(rtc_common_l1f024.o)
 .debug_abbrev  0x000000000000140d      0x19a ./libopencm3//lib/libopencm3_stm32f0.a(spi_common_all.o)
 .debug_abbrev  0x00000000000015a7       0xd0 ./libopencm3//lib/libopencm3_stm32f0.a(spi_common_f03.o)
 .debug_abbrev  0x0000000000001677       0xe1 ./libopencm3//lib/libopencm3_stm32f0.a(flash_common_f01.o)
 .debug_abbrev  0x0000000000001758      0x165 ./libopencm3//lib/libopencm3_stm32f0.a(timer_common_all.o)
 .debug_abbrev  0x00000000000018bd       0xcd ./libopencm3//lib/libopencm3_stm32f0.a(rcc_common_all.o)
 .debug_abbrev  0x000000000000198a      0x128 ./libopencm3//lib/libopencm3_stm32f0.a(vector.o)
 .debug_abbrev  0x0000000000001ab2      0x136 ./libopencm3//lib/libopencm3_stm32f0.a(systick.o)
 .debug_abbrev  0x0000000000001be8       0xa3 ./libopencm3//lib/libopencm3_stm32f0.a(nvic.o)
 .debug_abbrev  0x0000000000001c8b       0x86 ./libopencm3//lib/libopencm3_stm32f0.a(assert.o)
 .debug_abbrev  0x0000000000001d11       0xab /usr/lib/gcc/arm-none-eabi/4.9.3/../../../arm-none-eabi/lib/armv6-m/libc.a(lib_a-memcpy.o)
 .debug_abbrev  0x0000000000001dbc       0xac /usr/lib/gcc/arm-none-eabi/4.9.3/../../../arm-none-eabi/lib/armv6-m/libc.a(lib_a-strncpy.o)
 .debug_abbrev  0x0000000000001e68       0x14 /usr/lib/gcc/arm-none-eabi/4.9.3/armv6-m/libgcc.a(_thumb1_case_sqi.o)
 .debug_abbrev  0x0000000000001e7c       0x14 /usr/lib/gcc/arm-none-eabi/4.9.3/armv6-m/libgcc.a(_thumb1_case_uqi.o)
 .debug_abbrev  0x0000000000001e90       0x14 /usr/lib/gcc/arm-none-eabi/4.9.3/armv6-m/libgcc.a(_udivsi3.o)
 .debug_abbrev  0x0000000000001ea4       0x14 /usr/lib/gcc/arm-none-eabi/4.9.3/armv6-m/libgcc.a(_divsi3.o)
 .debug_abbrev  0x0000000000001eb8       0x14 /usr/lib/gcc/arm-none-eabi/4.9.3/armv6-m/libgcc.a(_dvmd_tls.o)

.debug_loc      0x0000000000000000     0x2acb
 .debug_loc     0x0000000000000000       0x26 feather.o
 .debug_loc     0x0000000000000026       0x38 afsk.o
 .debug_loc     0x000000000000005e      0x466 si446x.o
 .debug_loc     0x00000000000004c4       0x4d delay.o
 .debug_loc     0x0000000000000511      0x102 gps.o
 .debug_loc     0x0000000000000613       0x3e adc.o
 .debug_loc     0x0000000000000651      0x1be ./libopencm3//lib/libopencm3_stm32f0.a(rcc.o)
 .debug_loc     0x000000000000080f      0x25b ./libopencm3//lib/libopencm3_stm32f0.a(usart.o)
 .debug_loc     0x0000000000000a6a      0x2b2 ./libopencm3//lib/libopencm3_stm32f0.a(adc.o)
 .debug_loc     0x0000000000000d1c       0x76 ./libopencm3//lib/libopencm3_stm32f0.a(gpio_common_all.o)
 .debug_loc     0x0000000000000d92      0x1a0 ./libopencm3//lib/libopencm3_stm32f0.a(gpio_common_f0234.o)
 .debug_loc     0x0000000000000f32       0x21 ./libopencm3//lib/libopencm3_stm32f0.a(pwr_common_all.o)
 .debug_loc     0x0000000000000f53       0x63 ./libopencm3//lib/libopencm3_stm32f0.a(rtc_common_l1f024.o)
 .debug_loc     0x0000000000000fb6       0xd9 ./libopencm3//lib/libopencm3_stm32f0.a(spi_common_all.o)
 .debug_loc     0x000000000000108f       0xc9 ./libopencm3//lib/libopencm3_stm32f0.a(spi_common_f03.o)
 .debug_loc     0x0000000000001158       0xc6 ./libopencm3//lib/libopencm3_stm32f0.a(flash_common_f01.o)
 .debug_loc     0x000000000000121e      0xfa9 ./libopencm3//lib/libopencm3_stm32f0.a(timer_common_all.o)
 .debug_loc     0x00000000000021c7       0xe7 ./libopencm3//lib/libopencm3_stm32f0.a(rcc_common_all.o)
 .debug_loc     0x00000000000022ae       0xe7 ./libopencm3//lib/libopencm3_stm32f0.a(vector.o)
 .debug_loc     0x0000000000002395       0xc5 ./libopencm3//lib/libopencm3_stm32f0.a(systick.o)
 .debug_loc     0x000000000000245a      0x100 ./libopencm3//lib/libopencm3_stm32f0.a(nvic.o)
 .debug_loc     0x000000000000255a       0x84 ./libopencm3//lib/libopencm3_stm32f0.a(assert.o)
 .debug_loc     0x00000000000025de      0x3b6 /usr/lib/gcc/arm-none-eabi/4.9.3/../../../arm-none-eabi/lib/armv6-m/libc.a(lib_a-memcpy.o)
 .debug_loc     0x0000000000002994      0x137 /usr/lib/gcc/arm-none-eabi/4.9.3/../../../arm-none-eabi/lib/armv6-m/libc.a(lib_a-strncpy.o)

.debug_aranges  0x0000000000000000      0xe40
 .debug_aranges
                0x0000000000000000       0x20 feather.o
 .debug_aranges
                0x0000000000000020       0x60 afsk.o
 .debug_aranges
                0x0000000000000080       0x60 si446x.o
 .debug_aranges
                0x00000000000000e0       0x38 delay.o
 .debug_aranges
                0x0000000000000118       0xb8 gps.o
 .debug_aranges
                0x00000000000001d0       0x20 usart.o
 .debug_aranges
                0x00000000000001f0       0x30 sleep.o
 .debug_aranges
                0x0000000000000220       0x28 adc.o
 .debug_aranges
                0x0000000000000248      0x100 ./libopencm3//lib/libopencm3_stm32f0.a(rcc.o)
 .debug_aranges
                0x0000000000000348       0xe8 ./libopencm3//lib/libopencm3_stm32f0.a(usart.o)
 .debug_aranges
                0x0000000000000430      0x188 ./libopencm3//lib/libopencm3_stm32f0.a(adc.o)
 .debug_aranges
                0x00000000000005b8       0x50 ./libopencm3//lib/libopencm3_stm32f0.a(gpio_common_all.o)
 .debug_aranges
                0x0000000000000608       0x30 ./libopencm3//lib/libopencm3_stm32f0.a(gpio_common_f0234.o)
 .debug_aranges
                0x0000000000000638       0x90 ./libopencm3//lib/libopencm3_stm32f0.a(pwr_common_all.o)
 .debug_aranges
                0x00000000000006c8       0x48 ./libopencm3//lib/libopencm3_stm32f0.a(rtc_common_l1f024.o)
 .debug_aranges
                0x0000000000000710      0x170 ./libopencm3//lib/libopencm3_stm32f0.a(spi_common_all.o)
 .debug_aranges
                0x0000000000000880       0x60 ./libopencm3//lib/libopencm3_stm32f0.a(spi_common_f03.o)
 .debug_aranges
                0x00000000000008e0       0x88 ./libopencm3//lib/libopencm3_stm32f0.a(flash_common_f01.o)
 .debug_aranges
                0x0000000000000968      0x278 ./libopencm3//lib/libopencm3_stm32f0.a(timer_common_all.o)
 .debug_aranges
                0x0000000000000be0       0x60 ./libopencm3//lib/libopencm3_stm32f0.a(rcc_common_all.o)
 .debug_aranges
                0x0000000000000c40       0x30 ./libopencm3//lib/libopencm3_stm32f0.a(vector.o)
 .debug_aranges
                0x0000000000000c70       0x78 ./libopencm3//lib/libopencm3_stm32f0.a(systick.o)
 .debug_aranges
                0x0000000000000ce8       0x50 ./libopencm3//lib/libopencm3_stm32f0.a(nvic.o)
 .debug_aranges
                0x0000000000000d38       0x28 ./libopencm3//lib/libopencm3_stm32f0.a(assert.o)
 .debug_aranges
                0x0000000000000d60       0x20 /usr/lib/gcc/arm-none-eabi/4.9.3/../../../arm-none-eabi/lib/armv6-m/libc.a(lib_a-memcpy.o)
 .debug_aranges
                0x0000000000000d80       0x20 /usr/lib/gcc/arm-none-eabi/4.9.3/../../../arm-none-eabi/lib/armv6-m/libc.a(lib_a-strncpy.o)
 .debug_aranges
                0x0000000000000da0       0x20 /usr/lib/gcc/arm-none-eabi/4.9.3/armv6-m/libgcc.a(_thumb1_case_sqi.o)
 .debug_aranges
                0x0000000000000dc0       0x20 /usr/lib/gcc/arm-none-eabi/4.9.3/armv6-m/libgcc.a(_thumb1_case_uqi.o)
 .debug_aranges
                0x0000000000000de0       0x20 /usr/lib/gcc/arm-none-eabi/4.9.3/armv6-m/libgcc.a(_udivsi3.o)
 .debug_aranges
                0x0000000000000e00       0x20 /usr/lib/gcc/arm-none-eabi/4.9.3/armv6-m/libgcc.a(_divsi3.o)
 .debug_aranges
                0x0000000000000e20       0x20 /usr/lib/gcc/arm-none-eabi/4.9.3/armv6-m/libgcc.a(_dvmd_tls.o)

.debug_ranges   0x0000000000000000      0xc50
 .debug_ranges  0x0000000000000000       0x10 feather.o
 .debug_ranges  0x0000000000000010       0x50 afsk.o
 .debug_ranges  0x0000000000000060       0x50 si446x.o
 .debug_ranges  0x00000000000000b0       0x28 delay.o
 .debug_ranges  0x00000000000000d8       0xa8 gps.o
 .debug_ranges  0x0000000000000180       0x10 usart.o
 .debug_ranges  0x0000000000000190       0x20 sleep.o
 .debug_ranges  0x00000000000001b0       0x18 adc.o
 .debug_ranges  0x00000000000001c8       0xf0 ./libopencm3//lib/libopencm3_stm32f0.a(rcc.o)
 .debug_ranges  0x00000000000002b8      0x110 ./libopencm3//lib/libopencm3_stm32f0.a(usart.o)
 .debug_ranges  0x00000000000003c8      0x178 ./libopencm3//lib/libopencm3_stm32f0.a(adc.o)
 .debug_ranges  0x0000000000000540       0x40 ./libopencm3//lib/libopencm3_stm32f0.a(gpio_common_all.o)
 .debug_ranges  0x0000000000000580       0x20 ./libopencm3//lib/libopencm3_stm32f0.a(gpio_common_f0234.o)
 .debug_ranges  0x00000000000005a0       0x80 ./libopencm3//lib/libopencm3_stm32f0.a(pwr_common_all.o)
 .debug_ranges  0x0000000000000620       0x38 ./libopencm3//lib/libopencm3_stm32f0.a(rtc_common_l1f024.o)
 .debug_ranges  0x0000000000000658      0x160 ./libopencm3//lib/libopencm3_stm32f0.a(spi_common_all.o)
 .debug_ranges  0x00000000000007b8       0x50 ./libopencm3//lib/libopencm3_stm32f0.a(spi_common_f03.o)
 .debug_ranges  0x0000000000000808       0x78 ./libopencm3//lib/libopencm3_stm32f0.a(flash_common_f01.o)
 .debug_ranges  0x0000000000000880      0x268 ./libopencm3//lib/libopencm3_stm32f0.a(timer_common_all.o)
 .debug_ranges  0x0000000000000ae8       0x50 ./libopencm3//lib/libopencm3_stm32f0.a(rcc_common_all.o)
 .debug_ranges  0x0000000000000b38       0x20 ./libopencm3//lib/libopencm3_stm32f0.a(vector.o)
 .debug_ranges  0x0000000000000b58       0x80 ./libopencm3//lib/libopencm3_stm32f0.a(systick.o)
 .debug_ranges  0x0000000000000bd8       0x40 ./libopencm3//lib/libopencm3_stm32f0.a(nvic.o)
 .debug_ranges  0x0000000000000c18       0x18 ./libopencm3//lib/libopencm3_stm32f0.a(assert.o)
 .debug_ranges  0x0000000000000c30       0x10 /usr/lib/gcc/arm-none-eabi/4.9.3/../../../arm-none-eabi/lib/armv6-m/libc.a(lib_a-memcpy.o)
 .debug_ranges  0x0000000000000c40       0x10 /usr/lib/gcc/arm-none-eabi/4.9.3/../../../arm-none-eabi/lib/armv6-m/libc.a(lib_a-strncpy.o)

.debug_line     0x0000000000000000     0x3a95
 .debug_line    0x0000000000000000      0x1c4 feather.o
 .debug_line    0x00000000000001c4      0x226 afsk.o
 .debug_line    0x00000000000003ea      0x2a7 si446x.o
 .debug_line    0x0000000000000691      0x137 delay.o
 .debug_line    0x00000000000007c8      0x41a gps.o
 .debug_line    0x0000000000000be2      0x173 usart.o
 .debug_line    0x0000000000000d55      0x16c sleep.o
 .debug_line    0x0000000000000ec1      0x142 adc.o
 .debug_line    0x0000000000001003      0x40c ./libopencm3//lib/libopencm3_stm32f0.a(rcc.o)
 .debug_line    0x000000000000140f      0x2f9 ./libopencm3//lib/libopencm3_stm32f0.a(usart.o)
 .debug_line    0x0000000000001708      0x4ad ./libopencm3//lib/libopencm3_stm32f0.a(adc.o)
 .debug_line    0x0000000000001bb5      0x12a ./libopencm3//lib/libopencm3_stm32f0.a(gpio_common_all.o)
 .debug_line    0x0000000000001cdf      0x122 ./libopencm3//lib/libopencm3_stm32f0.a(gpio_common_f0234.o)
 .debug_line    0x0000000000001e01      0x1c3 ./libopencm3//lib/libopencm3_stm32f0.a(pwr_common_all.o)
 .debug_line    0x0000000000001fc4      0x12f ./libopencm3//lib/libopencm3_stm32f0.a(rtc_common_l1f024.o)
 .debug_line    0x00000000000020f3      0x487 ./libopencm3//lib/libopencm3_stm32f0.a(spi_common_all.o)
 .debug_line    0x000000000000257a      0x15f ./libopencm3//lib/libopencm3_stm32f0.a(spi_common_f03.o)
 .debug_line    0x00000000000026d9      0x206 ./libopencm3//lib/libopencm3_stm32f0.a(flash_common_f01.o)
 .debug_line    0x00000000000028df      0x811 ./libopencm3//lib/libopencm3_stm32f0.a(timer_common_all.o)
 .debug_line    0x00000000000030f0      0x17e ./libopencm3//lib/libopencm3_stm32f0.a(rcc_common_all.o)
 .debug_line    0x000000000000326e       0xf2 ./libopencm3//lib/libopencm3_stm32f0.a(vector.o)
 .debug_line    0x0000000000003360      0x18f ./libopencm3//lib/libopencm3_stm32f0.a(systick.o)
 .debug_line    0x00000000000034ef      0x11a ./libopencm3//lib/libopencm3_stm32f0.a(nvic.o)
 .debug_line    0x0000000000003609       0x57 ./libopencm3//lib/libopencm3_stm32f0.a(assert.o)
 .debug_line    0x0000000000003660      0x114 /usr/lib/gcc/arm-none-eabi/4.9.3/../../../arm-none-eabi/lib/armv6-m/libc.a(lib_a-memcpy.o)
 .debug_line    0x0000000000003774      0x118 /usr/lib/gcc/arm-none-eabi/4.9.3/../../../arm-none-eabi/lib/armv6-m/libc.a(lib_a-strncpy.o)
 .debug_line    0x000000000000388c       0x66 /usr/lib/gcc/arm-none-eabi/4.9.3/armv6-m/libgcc.a(_thumb1_case_sqi.o)
 .debug_line    0x00000000000038f2       0x66 /usr/lib/gcc/arm-none-eabi/4.9.3/armv6-m/libgcc.a(_thumb1_case_uqi.o)
 .debug_line    0x0000000000003958       0x6c /usr/lib/gcc/arm-none-eabi/4.9.3/armv6-m/libgcc.a(_udivsi3.o)
 .debug_line    0x00000000000039c4       0x73 /usr/lib/gcc/arm-none-eabi/4.9.3/armv6-m/libgcc.a(_divsi3.o)
 .debug_line    0x0000000000003a37       0x5e /usr/lib/gcc/arm-none-eabi/4.9.3/armv6-m/libgcc.a(_dvmd_tls.o)

.debug_str      0x0000000000000000     0x31f1
 .debug_str     0x0000000000000000      0x41e feather.o
                                        0x471 (size before relaxing)
 .debug_str     0x000000000000041e      0x344 afsk.o
                                        0x50f (size before relaxing)
 .debug_str     0x0000000000000762      0x201 si446x.o
                                        0x5d8 (size before relaxing)
 .debug_str     0x0000000000000963       0x99 delay.o
                                        0x234 (size before relaxing)
 .debug_str     0x00000000000009fc      0x3ab gps.o
                                        0x5cc (size before relaxing)
 .debug_str     0x0000000000000da7       0x9f usart.o
                                        0x416 (size before relaxing)
 .debug_str     0x0000000000000e46       0xbb sleep.o
                                        0x3fa (size before relaxing)
 .debug_str     0x0000000000000f01      0x1be adc.o
                                        0x502 (size before relaxing)
 .debug_str     0x00000000000010bf      0x346 ./libopencm3//lib/libopencm3_stm32f0.a(rcc.o)
                                        0x458 (size before relaxing)
 .debug_str     0x0000000000001405      0x181 ./libopencm3//lib/libopencm3_stm32f0.a(usart.o)
                                        0x3db (size before relaxing)
 .debug_str     0x0000000000001586      0x3ad ./libopencm3//lib/libopencm3_stm32f0.a(adc.o)
                                        0x6f3 (size before relaxing)
 .debug_str     0x0000000000001933       0x69 ./libopencm3//lib/libopencm3_stm32f0.a(gpio_common_all.o)
                                        0x1f8 (size before relaxing)
 .debug_str     0x000000000000199c       0x61 ./libopencm3//lib/libopencm3_stm32f0.a(gpio_common_f0234.o)
                                        0x21a (size before relaxing)
 .debug_str     0x00000000000019fd      0x191 ./libopencm3//lib/libopencm3_stm32f0.a(pwr_common_all.o)
                                        0x30a (size before relaxing)
 .debug_str     0x0000000000001b8e       0x4d ./libopencm3//lib/libopencm3_stm32f0.a(rtc_common_l1f024.o)
                                        0x218 (size before relaxing)
 .debug_str     0x0000000000001bdb      0x564 ./libopencm3//lib/libopencm3_stm32f0.a(spi_common_all.o)
                                        0x709 (size before relaxing)
 .debug_str     0x000000000000213f       0xba ./libopencm3//lib/libopencm3_stm32f0.a(spi_common_f03.o)
                                        0x26c (size before relaxing)
 .debug_str     0x00000000000021f9      0x181 ./libopencm3//lib/libopencm3_stm32f0.a(flash_common_f01.o)
                                        0x2f2 (size before relaxing)
 .debug_str     0x000000000000237a      0x910 ./libopencm3//lib/libopencm3_stm32f0.a(timer_common_all.o)
                                        0xdfa (size before relaxing)
 .debug_str     0x0000000000002c8a       0xcc ./libopencm3//lib/libopencm3_stm32f0.a(rcc_common_all.o)
                                        0x53f (size before relaxing)
 .debug_str     0x0000000000002d56      0x1ab ./libopencm3//lib/libopencm3_stm32f0.a(vector.o)
                                        0x2f6 (size before relaxing)
 .debug_str     0x0000000000002f01       0xb7 ./libopencm3//lib/libopencm3_stm32f0.a(systick.o)
                                        0x292 (size before relaxing)
 .debug_str     0x0000000000002fb8       0x7e ./libopencm3//lib/libopencm3_stm32f0.a(nvic.o)
                                        0x205 (size before relaxing)
 .debug_str     0x0000000000003036       0x48 ./libopencm3//lib/libopencm3_stm32f0.a(assert.o)
                                        0x196 (size before relaxing)
 .debug_str     0x000000000000307e      0x144 /usr/lib/gcc/arm-none-eabi/4.9.3/../../../arm-none-eabi/lib/armv6-m/libc.a(lib_a-memcpy.o)
                                        0x1e4 (size before relaxing)
 .debug_str     0x00000000000031c2       0x2f /usr/lib/gcc/arm-none-eabi/4.9.3/../../../arm-none-eabi/lib/armv6-m/libc.a(lib_a-strncpy.o)
                                        0x1e7 (size before relaxing)

.comment        0x0000000000000000       0xa3
 .comment       0x0000000000000000       0x38 feather.o
                                         0x39 (size before relaxing)
 .comment       0x0000000000000038       0x39 afsk.o
 .comment       0x0000000000000038       0x39 si446x.o
 .comment       0x0000000000000038       0x39 delay.o
 .comment       0x0000000000000038       0x39 gps.o
 .comment       0x0000000000000038       0x39 usart.o
 .comment       0x0000000000000038       0x39 sleep.o
 .comment       0x0000000000000038       0x39 adc.o
 .comment       0x0000000000000038       0x33 ./libopencm3//lib/libopencm3_stm32f0.a(rcc.o)
                                         0x34 (size before relaxing)
 .comment       0x000000000000006b       0x34 ./libopencm3//lib/libopencm3_stm32f0.a(usart.o)
 .comment       0x000000000000006b       0x34 ./libopencm3//lib/libopencm3_stm32f0.a(adc.o)
 .comment       0x000000000000006b       0x34 ./libopencm3//lib/libopencm3_stm32f0.a(gpio_common_all.o)
 .comment       0x000000000000006b       0x34 ./libopencm3//lib/libopencm3_stm32f0.a(gpio_common_f0234.o)
 .comment       0x000000000000006b       0x34 ./libopencm3//lib/libopencm3_stm32f0.a(pwr_common_all.o)
 .comment       0x000000000000006b       0x34 ./libopencm3//lib/libopencm3_stm32f0.a(rtc_common_l1f024.o)
 .comment       0x000000000000006b       0x34 ./libopencm3//lib/libopencm3_stm32f0.a(spi_common_all.o)
 .comment       0x000000000000006b       0x34 ./libopencm3//lib/libopencm3_stm32f0.a(spi_common_f03.o)
 .comment       0x000000000000006b       0x34 ./libopencm3//lib/libopencm3_stm32f0.a(flash_common_f01.o)
 .comment       0x000000000000006b       0x34 ./libopencm3//lib/libopencm3_stm32f0.a(timer_common_all.o)
 .comment       0x000000000000006b       0x34 ./libopencm3//lib/libopencm3_stm32f0.a(rcc_common_all.o)
 .comment       0x000000000000006b       0x34 ./libopencm3//lib/libopencm3_stm32f0.a(vector.o)
 .comment       0x000000000000006b       0x34 ./libopencm3//lib/libopencm3_stm32f0.a(systick.o)
 .comment       0x000000000000006b       0x34 ./libopencm3//lib/libopencm3_stm32f0.a(nvic.o)
 .comment       0x000000000000006b       0x34 ./libopencm3//lib/libopencm3_stm32f0.a(assert.o)
 .comment       0x000000000000006b       0x38 /usr/lib/gcc/arm-none-eabi/4.9.3/../../../arm-none-eabi/lib/armv6-m/libc.a(lib_a-memcpy.o)
                                         0x39 (size before relaxing)
 .comment       0x00000000000000a3       0x39 /usr/lib/gcc/arm-none-eabi/4.9.3/../../../arm-none-eabi/lib/armv6-m/libc.a(lib_a-strncpy.o)

.ARM.attributes
                0x0000000000000000       0x31
 .ARM.attributes
                0x0000000000000000       0x31 feather.o
 .ARM.attributes
                0x0000000000000031       0x31 afsk.o
 .ARM.attributes
                0x0000000000000062       0x31 si446x.o
 .ARM.attributes
                0x0000000000000093       0x31 delay.o
 .ARM.attributes
                0x00000000000000c4       0x31 gps.o
 .ARM.attributes
                0x00000000000000f5       0x31 usart.o
 .ARM.attributes
                0x0000000000000126       0x31 sleep.o
 .ARM.attributes
                0x0000000000000157       0x31 adc.o
 .ARM.attributes
                0x0000000000000188       0x31 ./libopencm3//lib/libopencm3_stm32f0.a(rcc.o)
 .ARM.attributes
                0x00000000000001b9       0x31 ./libopencm3//lib/libopencm3_stm32f0.a(usart.o)
 .ARM.attributes
                0x00000000000001ea       0x31 ./libopencm3//lib/libopencm3_stm32f0.a(adc.o)
 .ARM.attributes
                0x000000000000021b       0x31 ./libopencm3//lib/libopencm3_stm32f0.a(gpio_common_all.o)
 .ARM.attributes
                0x000000000000024c       0x31 ./libopencm3//lib/libopencm3_stm32f0.a(gpio_common_f0234.o)
 .ARM.attributes
                0x000000000000027d       0x31 ./libopencm3//lib/libopencm3_stm32f0.a(pwr_common_all.o)
 .ARM.attributes
                0x00000000000002ae       0x31 ./libopencm3//lib/libopencm3_stm32f0.a(rtc_common_l1f024.o)
 .ARM.attributes
                0x00000000000002df       0x31 ./libopencm3//lib/libopencm3_stm32f0.a(spi_common_all.o)
 .ARM.attributes
                0x0000000000000310       0x31 ./libopencm3//lib/libopencm3_stm32f0.a(spi_common_f03.o)
 .ARM.attributes
                0x0000000000000341       0x31 ./libopencm3//lib/libopencm3_stm32f0.a(flash_common_f01.o)
 .ARM.attributes
                0x0000000000000372       0x31 ./libopencm3//lib/libopencm3_stm32f0.a(timer_common_all.o)
 .ARM.attributes
                0x00000000000003a3       0x31 ./libopencm3//lib/libopencm3_stm32f0.a(rcc_common_all.o)
 .ARM.attributes
                0x00000000000003d4       0x31 ./libopencm3//lib/libopencm3_stm32f0.a(vector.o)
 .ARM.attributes
                0x0000000000000405       0x31 ./libopencm3//lib/libopencm3_stm32f0.a(systick.o)
 .ARM.attributes
                0x0000000000000436       0x31 ./libopencm3//lib/libopencm3_stm32f0.a(nvic.o)
 .ARM.attributes
                0x0000000000000467       0x31 ./libopencm3//lib/libopencm3_stm32f0.a(assert.o)
 .ARM.attributes
                0x0000000000000498       0x2c /usr/lib/gcc/arm-none-eabi/4.9.3/../../../arm-none-eabi/lib/armv6-m/libc.a(lib_a-memcpy.o)
 .ARM.attributes
                0x00000000000004c4       0x2c /usr/lib/gcc/arm-none-eabi/4.9.3/../../../arm-none-eabi/lib/armv6-m/libc.a(lib_a-strncpy.o)
 .ARM.attributes
                0x00000000000004f0       0x1e /usr/lib/gcc/arm-none-eabi/4.9.3/armv6-m/libgcc.a(_thumb1_case_sqi.o)
 .ARM.attributes
                0x000000000000050e       0x1e /usr/lib/gcc/arm-none-eabi/4.9.3/armv6-m/libgcc.a(_thumb1_case_uqi.o)
 .ARM.attributes
                0x000000000000052c       0x1e /usr/lib/gcc/arm-none-eabi/4.9.3/armv6-m/libgcc.a(_udivsi3.o)
 .ARM.attributes
                0x000000000000054a       0x1e /usr/lib/gcc/arm-none-eabi/4.9.3/armv6-m/libgcc.a(_divsi3.o)
 .ARM.attributes
                0x0000000000000568       0x1e /usr/lib/gcc/arm-none-eabi/4.9.3/armv6-m/libgcc.a(_dvmd_tls.o)

.debug_frame    0x0000000000000000     0x1bc4
 .debug_frame   0x0000000000000000       0x30 feather.o
 .debug_frame   0x0000000000000030       0xd4 afsk.o
 .debug_frame   0x0000000000000104      0x114 si446x.o
 .debug_frame   0x0000000000000218       0x58 delay.o
 .debug_frame   0x0000000000000270      0x1c4 gps.o
 .debug_frame   0x0000000000000434       0x28 usart.o
 .debug_frame   0x000000000000045c       0x4c sleep.o
 .debug_frame   0x00000000000004a8       0x48 adc.o
 .debug_frame   0x00000000000004f0      0x260 ./libopencm3//lib/libopencm3_stm32f0.a(rcc.o)
 .debug_frame   0x0000000000000750      0x1cc ./libopencm3//lib/libopencm3_stm32f0.a(usart.o)
 .debug_frame   0x000000000000091c      0x308 ./libopencm3//lib/libopencm3_stm32f0.a(adc.o)
 .debug_frame   0x0000000000000c24       0x80 ./libopencm3//lib/libopencm3_stm32f0.a(gpio_common_all.o)
 .debug_frame   0x0000000000000ca4       0x78 ./libopencm3//lib/libopencm3_stm32f0.a(gpio_common_f0234.o)
 .debug_frame   0x0000000000000d1c      0x100 ./libopencm3//lib/libopencm3_stm32f0.a(pwr_common_all.o)
 .debug_frame   0x0000000000000e1c       0x7c ./libopencm3//lib/libopencm3_stm32f0.a(rtc_common_l1f024.o)
 .debug_frame   0x0000000000000e98      0x2d0 ./libopencm3//lib/libopencm3_stm32f0.a(spi_common_all.o)
 .debug_frame   0x0000000000001168       0xac ./libopencm3//lib/libopencm3_stm32f0.a(spi_common_f03.o)
 .debug_frame   0x0000000000001214      0x120 ./libopencm3//lib/libopencm3_stm32f0.a(flash_common_f01.o)
 .debug_frame   0x0000000000001334      0x578 ./libopencm3//lib/libopencm3_stm32f0.a(timer_common_all.o)
 .debug_frame   0x00000000000018ac       0xb0 ./libopencm3//lib/libopencm3_stm32f0.a(rcc_common_all.o)
 .debug_frame   0x000000000000195c       0x40 ./libopencm3//lib/libopencm3_stm32f0.a(vector.o)
 .debug_frame   0x000000000000199c       0xd8 ./libopencm3//lib/libopencm3_stm32f0.a(systick.o)
 .debug_frame   0x0000000000001a74       0x80 ./libopencm3//lib/libopencm3_stm32f0.a(nvic.o)
 .debug_frame   0x0000000000001af4       0x38 ./libopencm3//lib/libopencm3_stm32f0.a(assert.o)
 .debug_frame   0x0000000000001b2c       0x2c /usr/lib/gcc/arm-none-eabi/4.9.3/../../../arm-none-eabi/lib/armv6-m/libc.a(lib_a-memcpy.o)
 .debug_frame   0x0000000000001b58       0x2c /usr/lib/gcc/arm-none-eabi/4.9.3/../../../arm-none-eabi/lib/armv6-m/libc.a(lib_a-strncpy.o)
 .debug_frame   0x0000000000001b84       0x20 /usr/lib/gcc/arm-none-eabi/4.9.3/armv6-m/libgcc.a(_udivsi3.o)
 .debug_frame   0x0000000000001ba4       0x20 /usr/lib/gcc/arm-none-eabi/4.9.3/armv6-m/libgcc.a(_divsi3.o)
